MPLINK 5.09, LINKER
Linker Map File - Created Mon Oct 14 17:46:53 2019

                                 Section Info
                  Section       Type    Address   Location Size(Bytes)
                ---------  ---------  ---------  ---------  ---------
                   .org_0       code   0x000000    program   0x000058
                   .cinit    romdata   0x00002c    program   0x000004
.config_2007_BUILD/DEFAULT/PRODUCTION/COUNTIN       code   0x002007    program   0x000002



                              Program Memory Usage 
                               Start         End      
                           ---------   ---------      
                            0x000000    0x00002d      
                            0x002007    0x002007      
            47 out of 8454 program addresses used, program memory utilization is 0%



                              Symbols - Sorted by Name
                     Name    Address   Location    Storage File                     
                ---------  ---------  ---------  --------- ---------                
                    delay   0x000023    program     static C:\Users\CSuser\Desktop\New folder\Embedded\Counting.X\Counting.asm
               inner_loop   0x000027    program     static C:\Users\CSuser\Desktop\New folder\Embedded\Counting.X\Counting.asm
                     loop   0x00001e    program     static C:\Users\CSuser\Desktop\New folder\Embedded\Counting.X\Counting.asm
                     main   0x000000    program     static C:\Users\CSuser\Desktop\New folder\Embedded\Counting.X\Counting.asm
               outer_loop   0x000025    program     static C:\Users\CSuser\Desktop\New folder\Embedded\Counting.X\Counting.asm



                              Symbols - Sorted by Address
                     Name    Address   Location    Storage File                     
                ---------  ---------  ---------  --------- ---------                
                     main   0x000000    program     static C:\Users\CSuser\Desktop\New folder\Embedded\Counting.X\Counting.asm
                     loop   0x00001e    program     static C:\Users\CSuser\Desktop\New folder\Embedded\Counting.X\Counting.asm
                    delay   0x000023    program     static C:\Users\CSuser\Desktop\New folder\Embedded\Counting.X\Counting.asm
               outer_loop   0x000025    program     static C:\Users\CSuser\Desktop\New folder\Embedded\Counting.X\Counting.asm
               inner_loop   0x000027    program     static C:\Users\CSuser\Desktop\New folder\Embedded\Counting.X\Counting.asm


