Microchip MPLAB XC8 Compiler V2.05 ()

Linker command line:

-W-3 --edf=C:\Program Files (x86)\Microchip\xc8\v2.05\pic\dat\en_msgs.txt \
  -cs -h+dist/default/production\Project.X.production.sym \
  --cmf=dist/default/production\Project.X.production.cmf -z -Q16F877A \
  -oC:\Users\CSuser\AppData\Local\Temp\se9o.2 --defsym=__MPLAB_BUILD=1 \
  -Mdist/default/production/Project.X.production.map -E1 -ver=XC8 \
  --acfsm=1493 -ASTACK=0130h-016Fh -pstack=STACK -ACODE=00h-07FFhx4 \
  -ASTRCODE=00h-01FFFh -ASTRING=00h-0FFhx32 -ACONST=00h-0FFhx32 \
  -AENTRY=00h-0FFhx32 -ACOMMON=070h-07Fh -ABANK0=020h-06Fh \
  -ABANK1=0A0h-0EFh -ABANK2=0110h-016Fh -ABANK3=0190h-01EFh \
  -ARAM=020h-06Fh,0A0h-0EFh,0110h-016Fh,0190h-01EFh \
  -AABS1=020h-07Fh,0A0h-0EFh,0110h-016Fh,0190h-01EFh -ASFR0=00h-01Fh \
  -ASFR1=080h-09Fh -ASFR2=0100h-010Fh -ASFR3=0180h-018Fh \
  -preset_vec=00h,intentry,init,end_init -ppowerup=CODE -pcinit=CODE \
  -pfunctab=ENTRY -ACONFIG=02007h-02007h -pconfig=CONFIG -DCONFIG=2 \
  -AIDLOC=02000h-02003h -pidloc=IDLOC -DIDLOC=2 -AEEDATA=00h-0FFh/02100h \
  -peeprom_data=EEDATA -DEEDATA=2 -DCODE=2 -DSTRCODE=2 -DSTRING=2 -DCONST=2 \
  -DENTRY=2 -k C:\Users\CSuser\AppData\Local\Temp\se9o.o \
  dist/default/production\Project.X.production.o 

Object code version is 3.11

Machine type is 16F877A



                Name                               Link     Load   Length Selector   Space Scale
C:\Users\CSuser\AppData\Local\Temp\se9o.o
                end_init                              0        0        3        0       0
                config                             2007     2007        1     400E       0
dist/default/production\Project.X.production.o
                cinit                               7C5      7C5       3B      F8A       0
                text59                             1F1E     1F1E       15     3E3C       0
                text58                             1443     1443       45     2886       0
                text57                             1650     1650       84     2CA0       0
                text56                             1105     1105       26     220A       0
                text55                             13C4     13C4       3E     2788       0
                text54                             1F33     1F33       15     3E66       0
                text53                             112B     112B       26     2256       0
                text52                             1ECF     1ECF       13     3D9E       0
                text51                             1E8B     1E8B        8     3D16       0
                text50                             1206     1206       34     240C       0
                text49                             16D4     16D4       86     2DA8       0
                text48                             12A4     12A4       37     2548       0
                text47                             1EE2     1EE2       14     3DC4       0
                text46                             1F5E     1F5E       1E     3EBC       0
                text45                             1E70     1E70        5     3CE0       0
                text44                             10BB     10BB       25     2176       0
                text43                             1E6C     1E6C        4     3CD8       0
                text42                             1EF6     1EF6       14     3DEC       0
                text41                             1EBD     1EBD       12     3D7A       0
                text40                             1E9B     1E9B       11     3D36       0
                text39                             10B2     10B2        9     2164       0
                text38                             11A4     11A4       31     2348       0
                text37                             15D6     15D6       7A     2BAC       0
                text36                             1E75     1E75        5     3CEA       0
                text35                             1E7A     1E7A        5     3CF4       0
                text34                             1F48     1F48       16     3E90       0
                text33                             1E7F     1E7F        5     3CFE       0
                text32                             10AD     10AD        5     215A       0
                text31                             1F7C     1F7C       1E     3EF8       0
                text30                             1FBB     1FBB       22     3F76       0
                text29                             11D5     11D5       31     23AA       0
                text28                             1178     1178       2C     22F0       0
                text27                             1FDD     1FDD       23     3FBA       0
                text26                              B4A      B4A      117     1694       0
                text25                             1402     1402       41     2804       0
                text24                             175A     175A       A6     2EB4       0
                text23                             134C     134C       3C     2698       0
                text22                             1F0A     1F0A       14     3E14       0
                text21                              89A      89A       DF     1134       0
                text20                             123A     123A       35     2474       0
                text19                              A5B      A5B       EF     14B6       0
                text18                             10E0     10E0       25     21C0       0
                text17                             1F9A     1F9A       21     3F34       0
                text16                             157D     157D       59     2AFA       0
                text15                             1488     1488       4D     2910       0
                text14                             1388     1388       3C     2710       0
                text13                              800      800        E      F8A       0
                text12                             1312     1312       3A     2624       0
                text11                             126F     126F       35     24DE       0
                text10                             12DB     12DB       37     25B6       0
                text9                               979      979       E2     12F2       0
                text8                              1E84     1E84        7     3D08       0
                text7                               80E      80E       8C     101C       0
                text6                              14D5     14D5       51     29AA       0
                text5                               3E1      3E1      3E4      7C2       0
                text4                               DD9      DD9      227     1BB2       0
                text3                               C61      C61      178     18C2       0
                text2                              1526     1526       57     2A4C       0
                text1                                 C        C      18E       18       0
                maintext                            19A      19A      247      334       0
                cstackBANK0                          20       20       50       20       1
                cstackCOMMON                         70       70        E       70       1
                cstackBANK1                          A0       A0       2E       A0       1
                clrtext                            1E93     1E93        8     3D26       0
                inittext                           1EAC     1EAC       11     3D58       0
                bssBANK2                            110      110       20      110       1
                dataBANK3                           1BB      1BB       27      190       1
                bssBANK3                            190      190       2B      190       1
                dataBANK1                            E5       E5        9       A0       1
                bssBANK1                             CE       CE       17       A0       1
                bitbssBANK1                         770       EE        1       A0       1     8
                strings                            1000     1000       AD     2000       0
                idataBANK3                         1151     1151       27     22A2       0
                idataBANK1                            3        3        9        0       0

TOTAL           Name                               Link     Load   Length     Space
        CLASS   STACK          

        CLASS   CODE           
                end_init                              0        0        3         0
                cinit                               7C5      7C5       3B         0
                text59                             1F1E     1F1E       15         0
                text58                             1443     1443       45         0
                text57                             1650     1650       84         0
                text56                             1105     1105       26         0
                text55                             13C4     13C4       3E         0
                text54                             1F33     1F33       15         0
                text53                             112B     112B       26         0
                text52                             1ECF     1ECF       13         0
                text51                             1E8B     1E8B        8         0
                text50                             1206     1206       34         0
                text49                             16D4     16D4       86         0
                text48                             12A4     12A4       37         0
                text47                             1EE2     1EE2       14         0
                text46                             1F5E     1F5E       1E         0
                text45                             1E70     1E70        5         0
                text44                             10BB     10BB       25         0
                text43                             1E6C     1E6C        4         0
                text42                             1EF6     1EF6       14         0
                text41                             1EBD     1EBD       12         0
                text40                             1E9B     1E9B       11         0
                text39                             10B2     10B2        9         0
                text38                             11A4     11A4       31         0
                text37                             15D6     15D6       7A         0
                text36                             1E75     1E75        5         0
                text35                             1E7A     1E7A        5         0
                text34                             1F48     1F48       16         0
                text33                             1E7F     1E7F        5         0
                text32                             10AD     10AD        5         0
                text31                             1F7C     1F7C       1E         0
                text30                             1FBB     1FBB       22         0
                text29                             11D5     11D5       31         0
                text28                             1178     1178       2C         0
                text27                             1FDD     1FDD       23         0
                text26                              B4A      B4A      117         0
                text25                             1402     1402       41         0
                text24                             175A     175A       A6         0
                text23                             134C     134C       3C         0
                text22                             1F0A     1F0A       14         0
                text21                              89A      89A       DF         0
                text20                             123A     123A       35         0
                text19                              A5B      A5B       EF         0
                text18                             10E0     10E0       25         0
                text17                             1F9A     1F9A       21         0
                text16                             157D     157D       59         0
                text15                             1488     1488       4D         0
                text14                             1388     1388       3C         0
                text13                              800      800        E         0
                text12                             1312     1312       3A         0
                text11                             126F     126F       35         0
                text10                             12DB     12DB       37         0
                text9                               979      979       E2         0
                text8                              1E84     1E84        7         0
                text7                               80E      80E       8C         0
                text6                              14D5     14D5       51         0
                text5                               3E1      3E1      3E4         0
                text4                               DD9      DD9      227         0
                text3                               C61      C61      178         0
                text2                              1526     1526       57         0
                text1                                 C        C      18E         0
                maintext                            19A      19A      247         0
                clrtext                            1E93     1E93        8         0
                inittext                           1EAC     1EAC       11         0
                idataBANK3                         1151     1151       27         0
                idataBANK1                            3        3        9         0

        CLASS   STRCODE        

        CLASS   STRING         
                strings                            1000     1000       AD         0

        CLASS   CONST          

        CLASS   ENTRY          

        CLASS   COMMON         
                cstackCOMMON                         70       70        E         1

        CLASS   BANK0          
                cstackBANK0                          20       20       50         1

        CLASS   BANK1          
                cstackBANK1                          A0       A0       2E         1
                dataBANK1                            E5       E5        9         1
                bssBANK1                             CE       CE       17         1
                bitbssBANK1                         770       EE        1         1

        CLASS   BANK2          
                bssBANK2                            110      110       20         1

        CLASS   BANK3          
                dataBANK3                           1BB      1BB       27         1
                bssBANK3                            190      190       2B         1

        CLASS   RAM            

        CLASS   ABS1           
                abs_s1                               7E       7E        2         1

        CLASS   SFR0           

        CLASS   SFR1           

        CLASS   SFR2           

        CLASS   SFR3           

        CLASS   CONFIG         
                config                             2007     2007        1         0

        CLASS   IDLOC          

        CLASS   EEDATA         



SEGMENTS        Name                           Load    Length   Top    Selector   Space  Class     Delta

                reset_vec                      000000  00000C  00000C         0       0  CODE        2
                text1                          00000C  00018E  00019A        18       0  CODE        2
                cstackBANK0                    000020  000050  000070        20       1  BANK0       1
                cstackCOMMON                   000070  00000E  00007E        70       1  COMMON      1
                cstackBANK1                    0000A0  00004F  0000EF        A0       1  BANK1       1
                bssBANK2                       000110  000020  000130       110       1  BANK2       1
                bssBANK3                       000190  000052  0001E2       190       1  BANK3       1
                maintext                       00019A  000247  0003E1       334       0  CODE        2
                text5                          0003E1  0003E4  0007C5       7C2       0  CODE        2
                cinit                          0007C5  000049  00080E       F8A       0  CODE        2
                text7                          00080E  00008C  00089A      101C       0  CODE        2
                text21                         00089A  0000DF  000979      1134       0  CODE        2
                text9                          000979  0000E2  000A5B      12F2       0  CODE        2
                text19                         000A5B  0000EF  000B4A      14B6       0  CODE        2
                text26                         000B4A  000117  000C61      1694       0  CODE        2
                text3                          000C61  000178  000DD9      18C2       0  CODE        2
                text4                          000DD9  000227  001000      1BB2       0  CODE        2
                strings                        001000  0000AD  0010AD      2000       0  STRING      2
                text32                         0010AD  000005  0010B2      215A       0  CODE        2
                text39                         0010B2  000009  0010BB      2164       0  CODE        2
                text44                         0010BB  000025  0010E0      2176       0  CODE        2
                text18                         0010E0  000025  001105      21C0       0  CODE        2
                text56                         001105  000026  00112B      220A       0  CODE        2
                text53                         00112B  000026  001151      2256       0  CODE        2
                idataBANK3                     001151  000027  001178      22A2       0  CODE        2
                text28                         001178  00002C  0011A4      22F0       0  CODE        2
                text38                         0011A4  000031  0011D5      2348       0  CODE        2
                text29                         0011D5  000031  001206      23AA       0  CODE        2
                text50                         001206  000034  00123A      240C       0  CODE        2
                text20                         00123A  000035  00126F      2474       0  CODE        2
                text11                         00126F  000035  0012A4      24DE       0  CODE        2
                text48                         0012A4  000037  0012DB      2548       0  CODE        2
                text10                         0012DB  000037  001312      25B6       0  CODE        2
                text12                         001312  00003A  00134C      2624       0  CODE        2
                text23                         00134C  00003C  001388      2698       0  CODE        2
                text14                         001388  00003C  0013C4      2710       0  CODE        2
                text55                         0013C4  00003E  001402      2788       0  CODE        2
                text25                         001402  000041  001443      2804       0  CODE        2
                text58                         001443  000045  001488      2886       0  CODE        2
                text15                         001488  00004D  0014D5      2910       0  CODE        2
                text6                          0014D5  000051  001526      29AA       0  CODE        2
                text2                          001526  000057  00157D      2A4C       0  CODE        2
                text16                         00157D  000059  0015D6      2AFA       0  CODE        2
                text37                         0015D6  00007A  001650      2BAC       0  CODE        2
                text57                         001650  000084  0016D4      2CA0       0  CODE        2
                text49                         0016D4  000086  00175A      2DA8       0  CODE        2
                text24                         00175A  0000A6  001800      2EB4       0  CODE        2
                text43                         001E6C  000004  001E70      3CD8       0  CODE        2
                text45                         001E70  000005  001E75      3CE0       0  CODE        2
                text36                         001E75  000005  001E7A      3CEA       0  CODE        2
                text35                         001E7A  000005  001E7F      3CF4       0  CODE        2
                text33                         001E7F  000005  001E84      3CFE       0  CODE        2
                text8                          001E84  000007  001E8B      3D08       0  CODE        2
                text51                         001E8B  000008  001E93      3D16       0  CODE        2
                clrtext                        001E93  000008  001E9B      3D26       0  CODE        2
                text40                         001E9B  000011  001EAC      3D36       0  CODE        2
                inittext                       001EAC  000011  001EBD      3D58       0  CODE        2
                text41                         001EBD  000012  001ECF      3D7A       0  CODE        2
                text52                         001ECF  000013  001EE2      3D9E       0  CODE        2
                text47                         001EE2  000014  001EF6      3DC4       0  CODE        2
                text42                         001EF6  000014  001F0A      3DEC       0  CODE        2
                text22                         001F0A  000014  001F1E      3E14       0  CODE        2
                text59                         001F1E  000015  001F33      3E3C       0  CODE        2
                text54                         001F33  000015  001F48      3E66       0  CODE        2
                text34                         001F48  000016  001F5E      3E90       0  CODE        2
                text46                         001F5E  00001E  001F7C      3EBC       0  CODE        2
                text31                         001F7C  00001E  001F9A      3EF8       0  CODE        2
                text17                         001F9A  000021  001FBB      3F34       0  CODE        2
                text30                         001FBB  000022  001FDD      3F76       0  CODE        2
                text27                         001FDD  000023  002000      3FBA       0  CODE        2
                config                         002007  000001  002008      400E       0  CONFIG      2


UNUSED ADDRESS RANGES

        Name                Unused          Largest block    Delta
        BANK1            00EF-00EF              1           1
        BANK2            0130-016F             40           1
        BANK3            01E2-01EF              E           1
        CODE             1800-1E6B            66C           2
        CONST            1800-1E6B            100           2
        EEDATA           2100-21FF            100           2
        ENTRY            1800-1E6B            100           2
        IDLOC            2000-2003              4           2
        RAM              00EF-00EF              1           1
                         0130-016F             40
                         01E2-01EF              E
        SFR0             0000-001F             20           1
        SFR1             0080-009F             20           1
        SFR2             0100-010F             10           1
        SFR3             0180-018F             10           1
        STACK            0130-016F             40           1
        STRCODE          1800-1E6B            66C           2
        STRING           1800-1E6B            100           2

                                  Symbol Table

?_EEPROM_limitsRead                    cstackCOMMON 0072
?_RTC_getTime                          cstackBANK0  0055
?_RTC_splitTime                        cstackBANK0  0020
?___awdiv                              cstackCOMMON 0070
?___awmod                              cstackCOMMON 0079
?___lwdiv                              cstackCOMMON 0070
?___wmul                               cstackCOMMON 0070
?_matrix_checkButtons                  cstackCOMMON 0072
?_pushButtons_checkButtons             cstackCOMMON 0070
?_therm_getTemp                        cstackBANK0  0026
?_userInput_getDate                    cstackBANK0  0030
?_userInput_getTempLimits              cstackBANK0  0039
?_userInput_getTime                    cstackBANK0  0030
EEPROM_isEmpty@empty                   cstackCOMMON 007C
EEPROM_isEmpty@test1                   cstackCOMMON 0074
EEPROM_isEmpty@test2                   cstackCOMMON 0076
EEPROM_isEmpty@test3                   cstackCOMMON 0078
EEPROM_isEmpty@test4                   cstackCOMMON 007A
EEPROM_limitsRead@F940                 bssBANK3     01A0
EEPROM_limitsRead@addressStart         cstackBANK0  0029
EEPROM_limitsRead@day                  cstackBANK0  0028
EEPROM_limitsRead@dayLimit             cstackBANK0  002B
EEPROM_limitsRead@high                 cstackBANK0  0024
EEPROM_limitsRead@highLimit            cstackBANK0  0026
EEPROM_limitsRead@low                  cstackBANK0  0022
EEPROM_limitsRead@lowLimit             cstackBANK0  0020
EEPROM_limitsWrite@addressStart        cstackBANK0  0020
EEPROM_limitsWrite@day                 cstackCOMMON 007B
EEPROM_limitsWrite@limits              cstackCOMMON 0073
LCD_delay@i                            cstackCOMMON 0070
LCD_write@i                            cstackCOMMON 0075
LCD_write@len                          cstackCOMMON 0073
LCD_write@string                       cstackCOMMON 0077
LCD_writeChar@x                        cstackCOMMON 0072
LCD_writeCmd@x                         cstackCOMMON 0072
RTC_combineNibbles@first               cstackCOMMON 0073
RTC_combineNibbles@returnChar          cstackCOMMON 0074
RTC_combineNibbles@second              cstackCOMMON 0070
RTC_getTime@t                          cstackBANK1  00A0
RTC_isDay@time                         cstackBANK0  0020
RTC_readClock@i                        cstackCOMMON 0076
RTC_seperateNibbles@dataSplit          cstackCOMMON 0075
RTC_seperateNibbles@firstByte          cstackCOMMON 0074
RTC_seperateNibbles@hex                cstackCOMMON 0073
RTC_seperateNibbles@secondByte         cstackCOMMON 0072
RTC_setTime@time                       cstackBANK0  0020
RTC_setTimeBackup@i                    cstackCOMMON 0075
RTC_splitTime@F988                     bssBANK2     0120
RTC_splitTime@day                      cstackBANK0  0041
RTC_splitTime@day1                     cstackBANK0  0036
RTC_splitTime@day2                     cstackBANK0  0037
RTC_splitTime@hour                     cstackBANK0  0040
RTC_splitTime@hour1                    cstackBANK0  0034
RTC_splitTime@hour2                    cstackBANK0  0035
RTC_splitTime@min                      cstackBANK0  003F
RTC_splitTime@min1                     cstackBANK0  0032
RTC_splitTime@min2                     cstackBANK0  0033
RTC_splitTime@month                    cstackBANK0  0042
RTC_splitTime@month1                   cstackBANK0  0038
RTC_splitTime@month2                   cstackBANK0  0039
RTC_splitTime@sec                      cstackBANK0  003E
RTC_splitTime@sec1                     cstackBANK0  0030
RTC_splitTime@sec2                     cstackBANK0  0031
RTC_splitTime@t                        cstackBANK0  0045
RTC_splitTime@week                     cstackBANK0  0043
RTC_splitTime@week1                    cstackBANK0  003A
RTC_splitTime@week2                    cstackBANK0  003B
RTC_splitTime@year                     cstackBANK0  0044
RTC_splitTime@year1                    cstackBANK0  003C
RTC_splitTime@year2                    cstackBANK0  003D
RTC_time_read_1@j                      cstackCOMMON 0072
RTC_time_read_1@time_rx                cstackCOMMON 0074
RTC_time_write_1@j                     cstackCOMMON 0072
RTC_time_write_1@time_tx               cstackCOMMON 0074
RTC_writeClock@i                       cstackCOMMON 0075
_ADCON1                                (abs)        009F
_EEADR                                 (abs)        010D
_EECON1                                (abs)        018C
_EECON1bits                            (abs)        018C
_EECON2                                (abs)        018D
_EEDATA                                (abs)        010C
_EEPROM_isEmpty                        text58       1443
_EEPROM_limitsRead                     text57       1650
_EEPROM_limitsWrite                    text55       13C4
_INTCONbits                            (abs)        000B
_LCD_clear                             text36       1E75
_LCD_delay                             text47       1EE2
_LCD_firstLine                         text35       1E7A
_LCD_fourthLine                        text45       1E70
_LCD_init                              text34       1F48
_LCD_secondLine                        text33       1E7F
_LCD_thirdLine                         text32       10AD
_LCD_write                             text30       1FBB
_LCD_writeChar                         text31       1F7C
_LCD_writeCmd                          text46       1F5E
_OPTION_REG                            (abs)        0081
_PORTA                                 (abs)        0005
_PORTC                                 (abs)        0007
_PORTD                                 (abs)        0008
_RA0                                   (abs)        0028
_RA2                                   (abs)        002A
_RA3                                   (abs)        002B
_RA4                                   (abs)        002C
_RA5                                   (abs)        002D
_RB0                                   (abs)        0030
_RB1                                   (abs)        0031
_RB2                                   (abs)        0032
_RB3                                   (abs)        0033
_RB4                                   (abs)        0034
_RB5                                   (abs)        0035
_RC0                                   (abs)        0038
_RC1                                   (abs)        0039
_RC2                                   (abs)        003A
_RC3                                   (abs)        003B
_RC4                                   (abs)        003C
_RC5                                   (abs)        003D
_RC6                                   (abs)        003E
_RC7                                   (abs)        003F
_RE0                                   (abs)        0048
_RTC_combineNibbles                    text54       1F33
_RTC_ds1302_init                       text52       1ECF
_RTC_getTime                           text25       1402
_RTC_init                              text51       1E8B
_RTC_isDay                             text44       10BB
_RTC_readClock                         text28       1178
_RTC_seperateNibbles                   text27       1FDD
_RTC_setTime                           text49       16D4
_RTC_setTimeBackup                     text48       12A4
_RTC_splitTime                         text26       0B4A
_RTC_time_read_1                       text29       11D5
_RTC_time_write_1                      text53       112B
_RTC_writeClock                        text50       1206
_RTCtable                              strings      1006
_STATUSbits                            (abs)        0003
_THV                                   bssBANK1     00E3
_TLV                                   bssBANK1     00E4
_TRISA                                 (abs)        0085
_TRISA0                                (abs)        0428
_TRISB                                 (abs)        0086
_TRISB4                                (abs)        0434
_TRISC                                 (abs)        0087
_TRISD                                 (abs)        0088
_TRISE                                 (abs)        0089
_TX                                    bssBANK1     00E1
_TZ                                    bssBANK1     00E2
__CFG_BOREN$OFF                        (abs)        0000
__CFG_FOSC$HS                          (abs)        0000
__CFG_LVP$OFF                          (abs)        0000
__CFG_PWRTE$ON                         (abs)        0000
__CFG_WDTE$OFF                         (abs)        0000
__Habs1                                abs1         0000
__Hbank0                               bank0        0000
__Hbank1                               bank1        0000
__Hbank2                               bank2        0000
__Hbank3                               bank3        0000
__HbitbssBANK1                         bitbssBANK1  0000
__HbssBANK1                            bssBANK1     0000
__HbssBANK2                            bssBANK2     0000
__HbssBANK3                            bssBANK3     0000
__Hcinit                               cinit        0800
__Hclrtext                             clrtext      0000
__Hcode                                code         0000
__Hcommon                              common       0000
__Hconfig                              config       2008
__HcstackBANK0                         cstackBANK0  0000
__HcstackBANK1                         cstackBANK1  0000
__HcstackCOMMON                        cstackCOMMON 0000
__HdataBANK1                           dataBANK1    0000
__HdataBANK3                           dataBANK3    0000
__Heeprom_data                         eeprom_data  0000
__Hend_init                            end_init     0003
__Hfunctab                             functab      0000
__HidataBANK1                          idataBANK1   0000
__HidataBANK3                          idataBANK3   0000
__Hidloc                               idloc        0000
__Hinit                                init         0000
__Hinittext                            inittext     0000
__Hintentry                            intentry     0000
__Hmaintext                            maintext     0000
__Hpowerup                             powerup      0000
__Hram                                 ram          0000
__Hreset_vec                           reset_vec    0000
__Hsfr0                                sfr0         0000
__Hsfr1                                sfr1         0000
__Hsfr2                                sfr2         0000
__Hsfr3                                sfr3         0000
__Hspace_0                             (abs)        2008
__Hspace_1                             (abs)        0771
__Hspace_2                             (abs)        0000
__Hspace_3                             (abs)        0000
__Hstack                               stack        0000
__Hstrings                             strings      0000
__Htext                                text         0000
__Labs1                                abs1         0000
__Lbank0                               bank0        0000
__Lbank1                               bank1        0000
__Lbank2                               bank2        0000
__Lbank3                               bank3        0000
__LbitbssBANK1                         bitbssBANK1  0000
__LbssBANK1                            bssBANK1     0000
__LbssBANK2                            bssBANK2     0000
__LbssBANK3                            bssBANK3     0000
__Lcinit                               cinit        07C5
__Lclrtext                             clrtext      0000
__Lcode                                code         0000
__Lcommon                              common       0000
__Lconfig                              config       2007
__LcstackBANK0                         cstackBANK0  0000
__LcstackBANK1                         cstackBANK1  0000
__LcstackCOMMON                        cstackCOMMON 0000
__LdataBANK1                           dataBANK1    0000
__LdataBANK3                           dataBANK3    0000
__Leeprom_data                         eeprom_data  0000
__Lend_init                            end_init     0000
__Lfunctab                             functab      0000
__LidataBANK1                          idataBANK1   0000
__LidataBANK3                          idataBANK3   0000
__Lidloc                               idloc        0000
__Linit                                init         0000
__Linittext                            inittext     0000
__Lintentry                            intentry     0000
__Lmaintext                            maintext     0000
__Lpowerup                             powerup      0000
__Lram                                 ram          0000
__Lreset_vec                           reset_vec    0000
__Lsfr0                                sfr0         0000
__Lsfr1                                sfr1         0000
__Lsfr2                                sfr2         0000
__Lsfr3                                sfr3         0000
__Lspace_0                             (abs)        0000
__Lspace_1                             (abs)        0000
__Lspace_2                             (abs)        0000
__Lspace_3                             (abs)        0000
__Lstack                               stack        0000
__Lstrings                             strings      0000
__Ltext                                text         0000
__S0                                   (abs)        2008
__S1                                   (abs)        01E2
__S2                                   (abs)        0000
__S3                                   (abs)        0000
___awdiv                               text16       157D
___awdiv@counter                       cstackCOMMON 0075
___awdiv@dividend                      cstackCOMMON 0072
___awdiv@divisor                       cstackCOMMON 0070
___awdiv@quotient                      cstackCOMMON 0077
___awdiv@sign                          cstackCOMMON 0076
___awmod                               text15       1488
___awmod@counter                       cstackBANK0  0020
___awmod@dividend                      cstackCOMMON 007B
___awmod@divisor                       cstackCOMMON 0079
___awmod@sign                          cstackBANK0  0021
___int_sp                              stack        0000
___latbits                             (abs)        0002
___lwdiv                               text14       1388
___lwdiv@counter                       cstackCOMMON 0077
___lwdiv@dividend                      cstackCOMMON 0072
___lwdiv@divisor                       cstackCOMMON 0070
___lwdiv@quotient                      cstackCOMMON 0075
___sp                                  stack        0000
___stackhi                             (abs)        0000
___stacklo                             (abs)        0000
___wmul                                text17       1F9A
___wmul@multiplicand                   cstackCOMMON 0072
___wmul@multiplier                     cstackCOMMON 0070
___wmul@product                        cstackCOMMON 0074
__end_of_EEPROM_isEmpty                text58       1488
__end_of_EEPROM_limitsRead             text57       16D4
__end_of_EEPROM_limitsWrite            text55       1402
__end_of_LCD_clear                     text36       1E7A
__end_of_LCD_delay                     text47       1EF6
__end_of_LCD_firstLine                 text35       1E7F
__end_of_LCD_fourthLine                text45       1E75
__end_of_LCD_init                      text34       1F5E
__end_of_LCD_secondLine                text33       1E84
__end_of_LCD_thirdLine                 text32       10B2
__end_of_LCD_write                     text30       1FDD
__end_of_LCD_writeChar                 text31       1F9A
__end_of_LCD_writeCmd                  text46       1F7C
__end_of_RTC_combineNibbles            text54       1F48
__end_of_RTC_ds1302_init               text52       1EE2
__end_of_RTC_getTime                   text25       1443
__end_of_RTC_init                      text51       1E93
__end_of_RTC_isDay                     text44       10E0
__end_of_RTC_readClock                 text28       11A4
__end_of_RTC_seperateNibbles           text27       2000
__end_of_RTC_setTime                   text49       175A
__end_of_RTC_setTimeBackup             text48       12DB
__end_of_RTC_splitTime                 text26       0C61
__end_of_RTC_time_read_1               text29       1206
__end_of_RTC_time_write_1              text53       1151
__end_of_RTC_writeClock                text50       123A
__end_of_RTCtable                      strings      100E
__end_of___awdiv                       text16       15D6
__end_of___awmod                       text15       14D5
__end_of___lwdiv                       text14       13C4
__end_of___wmul                        text17       1FBB
__end_of__initialization               cinit        07FC
__end_of__stringtab                    strings      1006
__end_of_alarmMode                     text23       1388
__end_of_buzzer_alarmOff               text43       1E70
__end_of_buzzer_alarmOn                text41       1ECF
__end_of_buzzer_delay                  text42       1F0A
__end_of_checkTemp                     text21       0979
__end_of_delayLong                     text22       1F1E
__end_of_displayTemp                   text20       126F
__end_of_displayTime                   text19       0B4A
__end_of_eeprom_read                   text59       1F33
__end_of_eeprom_write                  text56       112B
__end_of_main                          maintext     03E1
__end_of_matrix_buttonDelay            text40       1EAC
__end_of_matrix_checkButtons           text37       1650
__end_of_matrix_init                   text39       10BB
__end_of_matrix_setInputs              text38       11D5
__end_of_pushButtons_checkButtons      text18       1105
__end_of_systemReset                   text24       1800
__end_of_therm_delay                   text13       080E
__end_of_therm_getTemp                 text7        089A
__end_of_therm_get_temp                text9        0A5B
__end_of_therm_init                    text8        1E8B
__end_of_therm_read_byte               text12       134C
__end_of_therm_reset                   text11       12A4
__end_of_therm_write_byte              text10       1312
__end_of_userInput_displayDate         text6        1526
__end_of_userInput_displayLimits       text4        1000
__end_of_userInput_displayTime         text2        157D
__end_of_userInput_getDate             text5        07C5
__end_of_userInput_getTempLimits       text3        0DD9
__end_of_userInput_getTime             text1        019A
__initialization                       cinit        07C5
__pbitbssBANK1                         bitbssBANK1  0770
__pbssBANK1                            bssBANK1     00CE
__pbssBANK2                            bssBANK2     0110
__pbssBANK3                            bssBANK3     0190
__pcstackBANK0                         cstackBANK0  0020
__pcstackBANK1                         cstackBANK1  00A0
__pcstackCOMMON                        cstackCOMMON 0070
__pdataBANK1                           dataBANK1    00E5
__pdataBANK3                           dataBANK3    01BB
__pidataBANK1                          idataBANK1   0003
__pidataBANK3                          idataBANK3   1151
__pmaintext                            maintext     019A
__pstrings                             strings      1000
__ptext1                               text1        000C
__ptext10                              text10       12DB
__ptext11                              text11       126F
__ptext12                              text12       1312
__ptext13                              text13       0800
__ptext14                              text14       1388
__ptext15                              text15       1488
__ptext16                              text16       157D
__ptext17                              text17       1F9A
__ptext18                              text18       10E0
__ptext19                              text19       0A5B
__ptext2                               text2        1526
__ptext20                              text20       123A
__ptext21                              text21       089A
__ptext22                              text22       1F0A
__ptext23                              text23       134C
__ptext24                              text24       175A
__ptext25                              text25       1402
__ptext26                              text26       0B4A
__ptext27                              text27       1FDD
__ptext28                              text28       1178
__ptext29                              text29       11D5
__ptext3                               text3        0C61
__ptext30                              text30       1FBB
__ptext31                              text31       1F7C
__ptext32                              text32       10AD
__ptext33                              text33       1E7F
__ptext34                              text34       1F48
__ptext35                              text35       1E7A
__ptext36                              text36       1E75
__ptext37                              text37       15D6
__ptext38                              text38       11A4
__ptext39                              text39       10B2
__ptext4                               text4        0DD9
__ptext40                              text40       1E9B
__ptext41                              text41       1EBD
__ptext42                              text42       1EF6
__ptext43                              text43       1E6C
__ptext44                              text44       10BB
__ptext45                              text45       1E70
__ptext46                              text46       1F5E
__ptext47                              text47       1EE2
__ptext48                              text48       12A4
__ptext49                              text49       16D4
__ptext5                               text5        03E1
__ptext50                              text50       1206
__ptext51                              text51       1E8B
__ptext52                              text52       1ECF
__ptext53                              text53       112B
__ptext54                              text54       1F33
__ptext55                              text55       13C4
__ptext56                              text56       1105
__ptext57                              text57       1650
__ptext58                              text58       1443
__ptext59                              text59       1F1E
__ptext6                               text6        14D5
__ptext7                               text7        080E
__ptext8                               text8        1E84
__ptext9                               text9        0979
__size_of_EEPROM_isEmpty               (abs)        0000
__size_of_EEPROM_limitsRead            (abs)        0000
__size_of_EEPROM_limitsWrite           (abs)        0000
__size_of_LCD_clear                    (abs)        0000
__size_of_LCD_delay                    (abs)        0000
__size_of_LCD_firstLine                (abs)        0000
__size_of_LCD_fourthLine               (abs)        0000
__size_of_LCD_init                     (abs)        0000
__size_of_LCD_secondLine               (abs)        0000
__size_of_LCD_thirdLine                (abs)        0000
__size_of_LCD_write                    (abs)        0000
__size_of_LCD_writeChar                (abs)        0000
__size_of_LCD_writeCmd                 (abs)        0000
__size_of_RTC_combineNibbles           (abs)        0000
__size_of_RTC_ds1302_init              (abs)        0000
__size_of_RTC_getTime                  (abs)        0000
__size_of_RTC_init                     (abs)        0000
__size_of_RTC_isDay                    (abs)        0000
__size_of_RTC_readClock                (abs)        0000
__size_of_RTC_seperateNibbles          (abs)        0000
__size_of_RTC_setTime                  (abs)        0000
__size_of_RTC_setTimeBackup            (abs)        0000
__size_of_RTC_splitTime                (abs)        0000
__size_of_RTC_time_read_1              (abs)        0000
__size_of_RTC_time_write_1             (abs)        0000
__size_of_RTC_writeClock               (abs)        0000
__size_of___awdiv                      (abs)        0000
__size_of___awmod                      (abs)        0000
__size_of___lwdiv                      (abs)        0000
__size_of___wmul                       (abs)        0000
__size_of_alarmMode                    (abs)        0000
__size_of_buzzer_alarmOff              (abs)        0000
__size_of_buzzer_alarmOn               (abs)        0000
__size_of_buzzer_delay                 (abs)        0000
__size_of_checkTemp                    (abs)        0000
__size_of_delayLong                    (abs)        0000
__size_of_displayTemp                  (abs)        0000
__size_of_displayTime                  (abs)        0000
__size_of_eeprom_read                  (abs)        0000
__size_of_eeprom_write                 (abs)        0000
__size_of_main                         (abs)        0000
__size_of_matrix_buttonDelay           (abs)        0000
__size_of_matrix_checkButtons          (abs)        0000
__size_of_matrix_init                  (abs)        0000
__size_of_matrix_setInputs             (abs)        0000
__size_of_pushButtons_checkButtons     (abs)        0000
__size_of_systemReset                  (abs)        0000
__size_of_therm_delay                  (abs)        0000
__size_of_therm_getTemp                (abs)        0000
__size_of_therm_get_temp               (abs)        0000
__size_of_therm_init                   (abs)        0000
__size_of_therm_read_byte              (abs)        0000
__size_of_therm_reset                  (abs)        0000
__size_of_therm_write_byte             (abs)        0000
__size_of_userInput_displayDate        (abs)        0000
__size_of_userInput_displayLimits      (abs)        0000
__size_of_userInput_displayTime        (abs)        0000
__size_of_userInput_getDate            (abs)        0000
__size_of_userInput_getTempLimits      (abs)        0000
__size_of_userInput_getTime            (abs)        0000
__stringbase                           strings      1005
__stringtab                            strings      1000
_alarmMode                             text23       134C
_buzzer_alarmOff                       text43       1E6C
_buzzer_alarmOn                        text41       1EBD
_buzzer_delay                          text42       1EF6
_checkTemp                             text21       089A
_currentTemp                           bssBANK1     00CE
_currentTime                           bssBANK3     0190
_dayLimits                             dataBANK1    00E5
_daysInMonth                           dataBANK3    01BB
_delayLong                             text22       1F0A
_displayTemp                           text20       123A
_displayTime                           text19       0A5B
_dp                                    bssBANK1     00DE
_eeprom_read                           text59       1F1E
_eeprom_write                          text56       1105
_first                                 bssBANK1     00DF
_getTable                              bssBANK3     01A8
_main                                  maintext     019A
_matrix_buttonDelay                    text40       1E9B
_matrix_checkButtons                   text37       15D6
_matrix_init                           text39       10B2
_matrix_setInputs                      text38       11A4
_nightLimits                           dataBANK3    01D3
_pushButtons_checkButtons              text18       10E0
_savedTime                             bssBANK2     0110
_screenCleared                         dataBANK1    00ED
_setTable                              bssBANK3     01AF
_systemReset                           text24       175A
_tenth                                 bssBANK1     00E0
_therm_delay                           text13       0800
_therm_getTemp                         text7        080E
_therm_get_temp                        text9        0979
_therm_init                            text8        1E84
_therm_read_byte                       text12       1312
_therm_reset                           text11       126F
_therm_write_byte                      text10       12DB
_userInput_displayDate                 text6        14D5
_userInput_displayLimits               text4        0DD9
_userInput_displayTime                 text2        1526
_userInput_getDate                     text5        03E1
_userInput_getTempLimits               text3        0C61
_userInput_getTime                     text1        000C
_wd                                    bssBANK1     00DC
_weekdays                              dataBANK3    01DB
alarmMode@alarm                        cstackBANK1  00B0
alarmMode@button                       cstackBANK1  00B2
btemp                                  (abs)        007E
buzzer_delay@i                         cstackCOMMON 0070
checkTemp@day                          cstackBANK1  00C1
checkTemp@high                         cstackBANK1  00BD
checkTemp@highLimit                    cstackBANK1  00BF
checkTemp@low                          cstackBANK1  00BB
checkTemp@lowLimit                     cstackBANK1  00B9
clear_ram0                             clrtext      1E93
delayLong@i                            cstackCOMMON 0070
eeprom_read@addr                       cstackCOMMON 0071
eeprom_write@addr                      cstackCOMMON 0072
eeprom_write@value                     cstackCOMMON 0070
end_of_initialization                  cinit        07FC
init_fetch0                            inittext     1EAC
init_ram0                              inittext     1EB0
intlevel0                              functab      0000
intlevel1                              functab      0000
intlevel2                              functab      0000
intlevel3                              functab      0000
intlevel4                              functab      0000
intlevel5                              functab      0000
main@emptyEEPROM                       cstackBANK0  006F
main@pushButton                        cstackBANK0  006D
matrix_buttonDelay@i                   cstackCOMMON 0070
matrix_checkButtons@counter            cstackCOMMON 0078
matrix_checkButtons@i                  cstackCOMMON 0076
matrix_checkButtons@j                  cstackCOMMON 0074
matrix_setInputs@counter               cstackCOMMON 0070
nosup@@$_$_CONFIG                      (abs)        0000
reset_vec                              reset_vec    0000
start                                  init         0000
start_initialization                   cinit        07C5
systemReset@counter                    cstackCOMMON 007C
systemReset@currentSecond              cstackCOMMON 007B
therm_delay@x                          cstackCOMMON 0072
therm_delay@y                          cstackCOMMON 0070
therm_delay@z                          cstackCOMMON 0073
therm_getTemp@F960                     bssBANK1     00D3
therm_getTemp@mergeTemp                cstackBANK0  0033
therm_getTemp@t                        cstackBANK0  0035
therm_read_byte@i                      cstackCOMMON 0076
therm_read_byte@j                      bitbssBANK1  0770
therm_read_byte@value                  cstackCOMMON 0075
therm_reset@presence                   cstackCOMMON 0075
therm_write_byte@i                     cstackCOMMON 0078
therm_write_byte@temp                  cstackCOMMON 0076
therm_write_byte@val                   cstackCOMMON 0077
userInput_displayDate@date             cstackBANK0  0020
userInput_displayLimits@H0             cstackBANK0  0033
userInput_displayLimits@H1             cstackBANK0  0034
userInput_displayLimits@H2             cstackBANK0  0035
userInput_displayLimits@HL0            cstackBANK0  0036
userInput_displayLimits@HL1            cstackBANK0  0037
userInput_displayLimits@HL2            cstackBANK0  0038
userInput_displayLimits@L0             cstackBANK0  0030
userInput_displayLimits@L1             cstackBANK0  0031
userInput_displayLimits@L2             cstackBANK0  0032
userInput_displayLimits@LL0            cstackBANK0  002D
userInput_displayLimits@LL1            cstackBANK0  002E
userInput_displayLimits@LL2            cstackBANK0  002F
userInput_displayLimits@day            cstackBANK0  002A
userInput_displayLimits@limits         cstackBANK0  0022
userInput_displayTime@time             cstackBANK0  0020
userInput_getDate@button               cstackBANK0  0044
userInput_getDate@buttonPress          cstackBANK0  004E
userInput_getDate@date                 cstackBANK0  0030
userInput_getDate@dateAddressCounter   cstackBANK0  004A
userInput_getDate@day                  cstackBANK0  0053
userInput_getDate@dayLimit             cstackBANK0  0048
userInput_getDate@decrement            cstackBANK0  004D
userInput_getDate@increment            cstackBANK0  004C
userInput_getDate@month                cstackBANK0  0046
userInput_getDate@month_669            cstackBANK0  0051
userInput_getDate@year                 cstackBANK0  004F
userInput_getTempLimits@addressCounter cstackBANK0  004C
userInput_getTempLimits@button         cstackBANK0  0049
userInput_getTempLimits@buttonPress    cstackBANK0  004B
userInput_getTempLimits@day            cstackBANK0  0041
userInput_getTempLimits@decrement      cstackBANK0  004F
userInput_getTempLimits@exit           cstackBANK0  0047
userInput_getTempLimits@increment      cstackBANK0  004E
userInput_getTempLimits@limit          cstackBANK0  0039
userInput_getTempLimits@newLimits      cstackBANK0  0050
userInput_getTime@button               cstackBANK0  0042
userInput_getTime@buttonPress          cstackBANK0  0048
userInput_getTime@decrement            cstackBANK0  0047
userInput_getTime@increment            cstackBANK0  0046
userInput_getTime@time                 cstackBANK0  0030
userInput_getTime@timeAddressCounter   cstackBANK0  0044
wtemp0                                 (abs)        007E


FUNCTION INFORMATION:

 *************** function _main *****************
 Defined at:
		line 46 in file "main.c"
 Parameters:    Size  Location     Type
  argc            2   34[BANK1 ] int 
  argv            2   36[BANK1 ] PTR PTR unsigned char 
 Auto vars:     Size  Location     Type
  pushButton      2   77[BANK0 ] int 
  emptyEEPROM     1   79[BANK0 ] _Bool 
 Return value:  Size  Location     Type
                  2   34[BANK1 ] int 
 Registers used:
		wreg, fsr0l, fsr0h, status,2, status,0, btemp+1, pclath, cstack
 Tracked objects:
		On entry : 
		On exit  : 
		Unchanged: 
 Data sizes:     COMMON   BANK0   BANK1   BANK3   BANK2
      Params:         0       0       4       0       0
      Locals:         0       3       0       0       0
      Temps:          0       0       8       0       0
      Totals:         0       3      12       0       0
Total ram usage:       15 bytes
 Hardware stack levels required when called:    6
 This function calls:
		_EEPROM_isEmpty
		_EEPROM_limitsRead
		_EEPROM_limitsWrite
		_LCD_clear
		_LCD_init
		_RTC_getTime
		_RTC_setTime
		_RTC_setTimeBackup
		_checkTemp
		_displayTemp
		_displayTime
		_pushButtons_checkButtons
		_therm_getTemp
		_userInput_getDate
		_userInput_getTempLimits
		_userInput_getTime
 This function is called by:
		Startup code after reset
 This function uses a non-reentrant model


 *************** function _userInput_getTime *****************
 Defined at:
		line 222 in file "userInput.c"
 Parameters:    Size  Location     Type
  time           16   16[BANK0 ] struct Time
 Auto vars:     Size  Location     Type
  button          2   34[BANK0 ] int 
  timeAddressC    2   36[BANK0 ] int 
  exit            2    0        int 
  buttonPress     1   40[BANK0 ] _Bool 
  decrement       1   39[BANK0 ] _Bool 
  increment       1   38[BANK0 ] _Bool 
 Return value:  Size  Location     Type
                  16   16[BANK0 ] struct Time
 Registers used:
		wreg, fsr0l, fsr0h, status,2, status,0, btemp+1, pclath, cstack
 Tracked objects:
		On entry : 
		On exit  : 
		Unchanged: 
 Data sizes:     COMMON   BANK0   BANK1   BANK3   BANK2
      Params:         0      16       0       0       0
      Locals:         0       9       0       0       0
      Temps:          4       0       0       0       0
      Totals:         4      25       0       0       0
Total ram usage:       29 bytes
 Hardware stack levels used:    1
 Hardware stack levels required when called:    4
 This function calls:
		_LCD_writeCmd
		_matrix_checkButtons
		_userInput_displayTime
 This function is called by:
		_main
 This function uses a non-reentrant model


 *************** function _userInput_displayTime *****************
 Defined at:
		line 586 in file "userInput.c"
 Parameters:    Size  Location     Type
  time           16    0[BANK0 ] struct Time
 Auto vars:     Size  Location     Type
		None
 Return value:  Size  Location     Type
                  1    wreg      void 
 Registers used:
		wreg, status,2, status,0, btemp+1, pclath, cstack
 Tracked objects:
		On entry : 
		On exit  : 
		Unchanged: 
 Data sizes:     COMMON   BANK0   BANK1   BANK3   BANK2
      Params:         0      16       0       0       0
      Locals:         0       0       0       0       0
      Temps:          0       0       0       0       0
      Totals:         0      16       0       0       0
Total ram usage:       16 bytes
 Hardware stack levels used:    1
 Hardware stack levels required when called:    3
 This function calls:
		_LCD_clear
		_LCD_init
		_LCD_writeChar
		_LCD_writeCmd
 This function is called by:
		_userInput_getTime
 This function uses a non-reentrant model


 *************** function _userInput_getTempLimits *****************
 Defined at:
		line 416 in file "userInput.c"
 Parameters:    Size  Location     Type
  limit           8   25[BANK0 ] struct Limits
  day             2   33[BANK0 ] int 
 Auto vars:     Size  Location     Type
  button          2   41[BANK0 ] int 
  newLimits       8   48[BANK0 ] struct Limits
  addressCount    2   44[BANK0 ] int 
  exit            2   39[BANK0 ] int 
  decrement       1   47[BANK0 ] _Bool 
  increment       1   46[BANK0 ] _Bool 
  buttonPress     1   43[BANK0 ] _Bool 
 Return value:  Size  Location     Type
                  8   25[BANK0 ] struct Limits
 Registers used:
		wreg, fsr0l, fsr0h, status,2, status,0, btemp+1, pclath, cstack
 Tracked objects:
		On entry : 
		On exit  : 
		Unchanged: 
 Data sizes:     COMMON   BANK0   BANK1   BANK3   BANK2
      Params:         0      10       0       0       0
      Locals:         0      17       0       0       0
      Temps:          0       4       0       0       0
      Totals:         0      31       0       0       0
Total ram usage:       31 bytes
 Hardware stack levels used:    1
 Hardware stack levels required when called:    4
 This function calls:
		_LCD_writeCmd
		_matrix_checkButtons
		_userInput_displayLimits
 This function is called by:
		_main
 This function uses a non-reentrant model


 *************** function _userInput_displayLimits *****************
 Defined at:
		line 529 in file "userInput.c"
 Parameters:    Size  Location     Type
  limits          8    2[BANK0 ] struct Limits
  day             2   10[BANK0 ] int 
 Auto vars:     Size  Location     Type
  HL2             1   24[BANK0 ] unsigned char 
  HL1             1   23[BANK0 ] unsigned char 
  HL0             1   22[BANK0 ] unsigned char 
  H2              1   21[BANK0 ] unsigned char 
  H1              1   20[BANK0 ] unsigned char 
  H0              1   19[BANK0 ] unsigned char 
  L2              1   18[BANK0 ] unsigned char 
  L1              1   17[BANK0 ] unsigned char 
  L0              1   16[BANK0 ] unsigned char 
  LL2             1   15[BANK0 ] unsigned char 
  LL1             1   14[BANK0 ] unsigned char 
  LL0             1   13[BANK0 ] unsigned char 
 Return value:  Size  Location     Type
                  1    wreg      void 
 Registers used:
		wreg, fsr0l, fsr0h, status,2, status,0, btemp+1, pclath, cstack
 Tracked objects:
		On entry : 
		On exit  : 
		Unchanged: 
 Data sizes:     COMMON   BANK0   BANK1   BANK3   BANK2
      Params:         0      10       0       0       0
      Locals:         0      12       0       0       0
      Temps:          0       1       0       0       0
      Totals:         0      23       0       0       0
Total ram usage:       23 bytes
 Hardware stack levels used:    1
 Hardware stack levels required when called:    3
 This function calls:
		_LCD_clear
		_LCD_fourthLine
		_LCD_init
		_LCD_secondLine
		_LCD_write
		_LCD_writeChar
		_LCD_writeCmd
		___awdiv
		___awmod
 This function is called by:
		_userInput_getTempLimits
 This function uses a non-reentrant model


 *************** function _userInput_getDate *****************
 Defined at:
		line 36 in file "userInput.c"
 Parameters:    Size  Location     Type
  date           16   16[BANK0 ] struct Time
 Auto vars:     Size  Location     Type
  day             2   51[BANK0 ] int 
  month           2   49[BANK0 ] int 
  year            2   47[BANK0 ] int 
  dayLimit        2   40[BANK0 ] int 
  month           2   38[BANK0 ] int 
  button          2   36[BANK0 ] int 
  dateAddressC    2   42[BANK0 ] int 
  buttonPress     1   46[BANK0 ] _Bool 
  decrement       1   45[BANK0 ] _Bool 
  increment       1   44[BANK0 ] _Bool 
 Return value:  Size  Location     Type
                  16   16[BANK0 ] struct Time
 Registers used:
		wreg, fsr0l, fsr0h, status,2, status,0, btemp+1, pclath, cstack
 Tracked objects:
		On entry : 
		On exit  : 
		Unchanged: 
 Data sizes:     COMMON   BANK0   BANK1   BANK3   BANK2
      Params:         0      16       0       0       0
      Locals:         0      17       0       0       0
      Temps:          0       4       0       0       0
      Totals:         0      37       0       0       0
Total ram usage:       37 bytes
 Hardware stack levels used:    1
 Hardware stack levels required when called:    4
 This function calls:
		_LCD_writeCmd
		___awdiv
		___awmod
		___wmul
		_matrix_checkButtons
		_userInput_displayDate
 This function is called by:
		_main
 This function uses a non-reentrant model


 *************** function _userInput_displayDate *****************
 Defined at:
		line 602 in file "userInput.c"
 Parameters:    Size  Location     Type
  date           16    0[BANK0 ] struct Time
 Auto vars:     Size  Location     Type
		None
 Return value:  Size  Location     Type
                  1    wreg      void 
 Registers used:
		wreg, status,2, status,0, btemp+1, pclath, cstack
 Tracked objects:
		On entry : 
		On exit  : 
		Unchanged: 
 Data sizes:     COMMON   BANK0   BANK1   BANK3   BANK2
      Params:         0      16       0       0       0
      Locals:         0       0       0       0       0
      Temps:          0       0       0       0       0
      Totals:         0      16       0       0       0
Total ram usage:       16 bytes
 Hardware stack levels used:    1
 Hardware stack levels required when called:    3
 This function calls:
		_LCD_clear
		_LCD_init
		_LCD_writeChar
		_LCD_writeCmd
 This function is called by:
		_userInput_getDate
 This function uses a non-reentrant model


 *************** function _therm_getTemp *****************
 Defined at:
		line 156 in file "Thermometer.c"
 Parameters:    Size  Location     Type
		None
 Auto vars:     Size  Location     Type
  t               5   21[BANK0 ] struct Temp
  mergeTemp       2   19[BANK0 ] int 
 Return value:  Size  Location     Type
                  5    6[BANK0 ] struct Temp
 Registers used:
		wreg, fsr0l, fsr0h, status,2, status,0, pclath, cstack
 Tracked objects:
		On entry : 
		On exit  : 
		Unchanged: 
 Data sizes:     COMMON   BANK0   BANK1   BANK3   BANK2
      Params:         0       5       0       0       0
      Locals:         0       7       0       0       0
      Temps:          0       8       0       0       0
      Totals:         0      20       0       0       0
Total ram usage:       20 bytes
 Hardware stack levels used:    1
 Hardware stack levels required when called:    3
 This function calls:
		___wmul
		_therm_get_temp
		_therm_init
 This function is called by:
		_main
 This function uses a non-reentrant model


 *************** function _therm_init *****************
 Defined at:
		line 46 in file "Thermometer.c"
 Parameters:    Size  Location     Type
		None
 Auto vars:     Size  Location     Type
		None
 Return value:  Size  Location     Type
                  1    wreg      void 
 Registers used:
		wreg, status,2
 Tracked objects:
		On entry : 
		On exit  : 
		Unchanged: 
 Data sizes:     COMMON   BANK0   BANK1   BANK3   BANK2
      Params:         0       0       0       0       0
      Locals:         0       0       0       0       0
      Temps:          0       0       0       0       0
      Totals:         0       0       0       0       0
Total ram usage:        0 bytes
 Hardware stack levels used:    1
 This function calls:
		Nothing
 This function is called by:
		_therm_getTemp
 This function uses a non-reentrant model


 *************** function _therm_get_temp *****************
 Defined at:
		line 126 in file "Thermometer.c"
 Parameters:    Size  Location     Type
		None
 Auto vars:     Size  Location     Type
  i               2    0        int 
 Return value:  Size  Location     Type
                  1    wreg      void 
 Registers used:
		wreg, status,2, status,0, pclath, cstack
 Tracked objects:
		On entry : 
		On exit  : 
		Unchanged: 
 Data sizes:     COMMON   BANK0   BANK1   BANK3   BANK2
      Params:         0       0       0       0       0
      Locals:         0       0       0       0       0
      Temps:          0       4       0       0       0
      Totals:         0       4       0       0       0
Total ram usage:        4 bytes
 Hardware stack levels used:    1
 Hardware stack levels required when called:    2
 This function calls:
		___awdiv
		___awmod
		___lwdiv
		_therm_read_byte
		_therm_reset
		_therm_write_byte
 This function is called by:
		_therm_getTemp
 This function uses a non-reentrant model


 *************** function _therm_write_byte *****************
 Defined at:
		line 72 in file "Thermometer.c"
 Parameters:    Size  Location     Type
  val             1    wreg     unsigned char 
 Auto vars:     Size  Location     Type
  val             1    7[COMMON] unsigned char 
  i               1    8[COMMON] unsigned char 
  temp            1    6[COMMON] unsigned char 
 Return value:  Size  Location     Type
                  1    wreg      void 
 Registers used:
		wreg, status,2, status,0, pclath, cstack
 Tracked objects:
		On entry : 
		On exit  : 
		Unchanged: 
 Data sizes:     COMMON   BANK0   BANK1   BANK3   BANK2
      Params:         0       0       0       0       0
      Locals:         3       0       0       0       0
      Temps:          2       0       0       0       0
      Totals:         5       0       0       0       0
Total ram usage:        5 bytes
 Hardware stack levels used:    1
 Hardware stack levels required when called:    1
 This function calls:
		_therm_delay
 This function is called by:
		_therm_get_temp
 This function uses a non-reentrant model


 *************** function _therm_reset *****************
 Defined at:
		line 55 in file "Thermometer.c"
 Parameters:    Size  Location     Type
		None
 Auto vars:     Size  Location     Type
  presence        1    5[COMMON] unsigned char 
 Return value:  Size  Location     Type
                  2   40[None  ] int 
 Registers used:
		wreg, status,2, status,0, pclath, cstack
 Tracked objects:
		On entry : 
		On exit  : 
		Unchanged: 
 Data sizes:     COMMON   BANK0   BANK1   BANK3   BANK2
      Params:         0       0       0       0       0
      Locals:         1       0       0       0       0
      Temps:          1       0       0       0       0
      Totals:         2       0       0       0       0
Total ram usage:        2 bytes
 Hardware stack levels used:    1
 Hardware stack levels required when called:    1
 This function calls:
		_therm_delay
 This function is called by:
		_therm_get_temp
 This function uses a non-reentrant model


 *************** function _therm_read_byte *****************
 Defined at:
		line 96 in file "Thermometer.c"
 Parameters:    Size  Location     Type
		None
 Auto vars:     Size  Location     Type
  i               1    6[COMMON] unsigned char 
  value           1    5[COMMON] unsigned char 
 Return value:  Size  Location     Type
                  1    wreg      unsigned char 
 Registers used:
		wreg, status,2, status,0, pclath, cstack
 Tracked objects:
		On entry : 
		On exit  : 
		Unchanged: 
 Data sizes:     COMMON   BANK0   BANK1   BANK3   BANK2
      Params:         0       0       0       0       0
      Locals:         2       0       0       0       0
      Temps:          1       0       0       0       0
      Totals:         3       0       0       0       0
Total ram usage:        3 bytes
 Hardware stack levels used:    1
 Hardware stack levels required when called:    1
 This function calls:
		_therm_delay
 This function is called by:
		_therm_get_temp
 This function uses a non-reentrant model


 *************** function _therm_delay *****************
 Defined at:
		line 30 in file "Thermometer.c"
 Parameters:    Size  Location     Type
  x               1    wreg     unsigned char 
  y               1    0[COMMON] unsigned char 
 Auto vars:     Size  Location     Type
  x               1    2[COMMON] unsigned char 
  z               1    3[COMMON] unsigned char 
 Return value:  Size  Location     Type
                  1    wreg      void 
 Registers used:
		wreg, status,2, status,0
 Tracked objects:
		On entry : 
		On exit  : 
		Unchanged: 
 Data sizes:     COMMON   BANK0   BANK1   BANK3   BANK2
      Params:         1       0       0       0       0
      Locals:         2       0       0       0       0
      Temps:          1       0       0       0       0
      Totals:         4       0       0       0       0
Total ram usage:        4 bytes
 Hardware stack levels used:    1
 This function calls:
		Nothing
 This function is called by:
		_therm_reset
		_therm_write_byte
		_therm_read_byte
 This function uses a non-reentrant model


 *************** function ___lwdiv *****************
 Defined at:
		line 5 in file "C:\Program Files (x86)\Microchip\xc8\v2.05\pic\sources\c90\common\lwdiv.c"
 Parameters:    Size  Location     Type
  divisor         2    0[COMMON] unsigned int 
  dividend        2    2[COMMON] unsigned int 
 Auto vars:     Size  Location     Type
  quotient        2    5[COMMON] unsigned int 
  counter         1    7[COMMON] unsigned char 
 Return value:  Size  Location     Type
                  2    0[COMMON] unsigned int 
 Registers used:
		wreg, status,2, status,0
 Tracked objects:
		On entry : 
		On exit  : 
		Unchanged: 
 Data sizes:     COMMON   BANK0   BANK1   BANK3   BANK2
      Params:         4       0       0       0       0
      Locals:         3       0       0       0       0
      Temps:          1       0       0       0       0
      Totals:         8       0       0       0       0
Total ram usage:        8 bytes
 Hardware stack levels used:    1
 This function calls:
		Nothing
 This function is called by:
		_therm_get_temp
 This function uses a non-reentrant model


 *************** function ___awmod *****************
 Defined at:
		line 5 in file "C:\Program Files (x86)\Microchip\xc8\v2.05\pic\sources\c90\common\awmod.c"
 Parameters:    Size  Location     Type
  divisor         2    9[COMMON] int 
  dividend        2   11[COMMON] int 
 Auto vars:     Size  Location     Type
  sign            1    1[BANK0 ] unsigned char 
  counter         1    0[BANK0 ] unsigned char 
 Return value:  Size  Location     Type
                  2    9[COMMON] int 
 Registers used:
		wreg, status,2, status,0
 Tracked objects:
		On entry : 
		On exit  : 
		Unchanged: 
 Data sizes:     COMMON   BANK0   BANK1   BANK3   BANK2
      Params:         4       0       0       0       0
      Locals:         0       2       0       0       0
      Temps:          1       0       0       0       0
      Totals:         5       2       0       0       0
Total ram usage:        7 bytes
 Hardware stack levels used:    1
 This function calls:
		Nothing
 This function is called by:
		_therm_get_temp
		_userInput_getDate
		_userInput_displayLimits
 This function uses a non-reentrant model


 *************** function ___awdiv *****************
 Defined at:
		line 5 in file "C:\Program Files (x86)\Microchip\xc8\v2.05\pic\sources\c90\common\awdiv.c"
 Parameters:    Size  Location     Type
  divisor         2    0[COMMON] int 
  dividend        2    2[COMMON] int 
 Auto vars:     Size  Location     Type
  quotient        2    7[COMMON] int 
  sign            1    6[COMMON] unsigned char 
  counter         1    5[COMMON] unsigned char 
 Return value:  Size  Location     Type
                  2    0[COMMON] int 
 Registers used:
		wreg, status,2, status,0
 Tracked objects:
		On entry : 
		On exit  : 
		Unchanged: 
 Data sizes:     COMMON   BANK0   BANK1   BANK3   BANK2
      Params:         4       0       0       0       0
      Locals:         4       0       0       0       0
      Temps:          1       0       0       0       0
      Totals:         9       0       0       0       0
Total ram usage:        9 bytes
 Hardware stack levels used:    1
 This function calls:
		Nothing
 This function is called by:
		_therm_get_temp
		_userInput_getDate
		_userInput_displayLimits
 This function uses a non-reentrant model


 *************** function ___wmul *****************
 Defined at:
		line 15 in file "C:\Program Files (x86)\Microchip\xc8\v2.05\pic\sources\c90\common\Umul16.c"
 Parameters:    Size  Location     Type
  multiplier      2    0[COMMON] unsigned int 
  multiplicand    2    2[COMMON] unsigned int 
 Auto vars:     Size  Location     Type
  product         2    4[COMMON] unsigned int 
 Return value:  Size  Location     Type
                  2    0[COMMON] unsigned int 
 Registers used:
		wreg, status,2, status,0
 Tracked objects:
		On entry : 
		On exit  : 
		Unchanged: 
 Data sizes:     COMMON   BANK0   BANK1   BANK3   BANK2
      Params:         4       0       0       0       0
      Locals:         2       0       0       0       0
      Temps:          0       0       0       0       0
      Totals:         6       0       0       0       0
Total ram usage:        6 bytes
 Hardware stack levels used:    1
 This function calls:
		Nothing
 This function is called by:
		_therm_getTemp
		_userInput_getDate
 This function uses a non-reentrant model


 *************** function _pushButtons_checkButtons *****************
 Defined at:
		line 6 in file "pushButtons.c"
 Parameters:    Size  Location     Type
		None
 Auto vars:     Size  Location     Type
		None
 Return value:  Size  Location     Type
                  2    0[COMMON] int 
 Registers used:
		wreg, status,2
 Tracked objects:
		On entry : 
		On exit  : 
		Unchanged: 
 Data sizes:     COMMON   BANK0   BANK1   BANK3   BANK2
      Params:         2       0       0       0       0
      Locals:         0       0       0       0       0
      Temps:          0       0       0       0       0
      Totals:         2       0       0       0       0
Total ram usage:        2 bytes
 Hardware stack levels used:    1
[...]
 Defined at:
		line 71 in file "LCD.c"
 Parameters:    Size  Location     Type
		None
 Auto vars:     Size  Location     Type
		None
 Return value:  Size  Location     Type
                  1    wreg      void 
 Registers used:
		wreg, status,2, status,0, btemp+1, pclath, cstack
 Tracked objects:
		On entry : 
		On exit  : 
		Unchanged: 
 Data sizes:     COMMON   BANK0   BANK1   BANK3   BANK2
      Params:         0       0       0       0       0
      Locals:         0       0       0       0       0
      Temps:          0       0       0       0       0
      Totals:         0       0       0       0       0
Total ram usage:        0 bytes
 Hardware stack levels used:    1
 Hardware stack levels required when called:    2
 This function calls:
		_LCD_writeCmd
 This function is called by:
		_checkTemp
		_userInput_displayLimits
 This function uses a non-reentrant model


 *************** function _LCD_writeCmd *****************
 Defined at:
		line 27 in file "LCD.c"
 Parameters:    Size  Location     Type
  x               1    wreg     unsigned char 
 Auto vars:     Size  Location     Type
  x               1    2[COMMON] unsigned char 
 Return value:  Size  Location     Type
                  1    wreg      void 
 Registers used:
		wreg, status,2, status,0, btemp+1, pclath, cstack
 Tracked objects:
		On entry : 
		On exit  : 
		Unchanged: 
 Data sizes:     COMMON   BANK0   BANK1   BANK3   BANK2
      Params:         0       0       0       0       0
      Locals:         1       0       0       0       0
      Temps:          0       0       0       0       0
      Totals:         1       0       0       0       0
Total ram usage:        1 bytes
 Hardware stack levels used:    1
 Hardware stack levels required when called:    1
 This function calls:
		_LCD_delay
 This function is called by:
		_LCD_init
		_LCD_clear
		_LCD_firstLine
		_LCD_secondLine
		_LCD_thirdLine
		_LCD_fourthLine
		_userInput_getDate
		_userInput_getTime
		_userInput_getTempLimits
		_userInput_displayLimits
		_userInput_displayTime
		_userInput_displayDate
 This function uses a non-reentrant model


 *************** function _LCD_delay *****************
 Defined at:
		line 11 in file "LCD.c"
 Parameters:    Size  Location     Type
		None
 Auto vars:     Size  Location     Type
  i               2    0[COMMON] int 
 Return value:  Size  Location     Type
                  1    wreg      void 
 Registers used:
		wreg, status,2, btemp+1
 Tracked objects:
		On entry : 
		On exit  : 
		Unchanged: 
 Data sizes:     COMMON   BANK0   BANK1   BANK3   BANK2
      Params:         0       0       0       0       0
      Locals:         2       0       0       0       0
      Temps:          0       0       0       0       0
      Totals:         2       0       0       0       0
Total ram usage:        2 bytes
 Hardware stack levels used:    1
 This function calls:
		Nothing
 This function is called by:
		_LCD_writeCmd
		_LCD_writeChar
 This function uses a non-reentrant model


 *************** function _RTC_setTimeBackup *****************
 Defined at:
		line 188 in file "RTC.c"
 Parameters:    Size  Location     Type
		None
 Auto vars:     Size  Location     Type
  i               2    5[COMMON] int 
 Return value:  Size  Location     Type
                  1    wreg      void 
 Registers used:
		wreg, fsr0l, fsr0h, status,2, status,0, btemp+1, pclath, cstack
 Tracked objects:
		On entry : 
		On exit  : 
		Unchanged: 
 Data sizes:     COMMON   BANK0   BANK1   BANK3   BANK2
      Params:         0       0       0       0       0
      Locals:         2       0       0       0       0
      Temps:          0       0       0       0       0
      Totals:         2       0       0       0       0
Total ram usage:        2 bytes
 Hardware stack levels used:    1
 Hardware stack levels required when called:    2
 This function calls:
		_RTC_ds1302_init
		_RTC_init
		_RTC_time_write_1
 This function is called by:
		_main
 This function uses a non-reentrant model


 *************** function _RTC_setTime *****************
 Defined at:
		line 44 in file "RTC.c"
 Parameters:    Size  Location     Type
  time           16    0[BANK0 ] struct Time
 Auto vars:     Size  Location     Type
		None
 Return value:  Size  Location     Type
                  1    wreg      void 
 Registers used:
		wreg, fsr0l, fsr0h, status,2, status,0, btemp+1, pclath, cstack
 Tracked objects:
		On entry : 
		On exit  : 
		Unchanged: 
 Data sizes:     COMMON   BANK0   BANK1   BANK3   BANK2
      Params:         0      16       0       0       0
      Locals:         0       0       0       0       0
      Temps:          2       0       0       0       0
      Totals:         2      16       0       0       0
Total ram usage:       18 bytes
 Hardware stack levels used:    1
 Hardware stack levels required when called:    3
 This function calls:
		_RTC_combineNibbles
		_RTC_ds1302_init
		_RTC_init
		_RTC_writeClock
 This function is called by:
		_main
 This function uses a non-reentrant model


 *************** function _RTC_writeClock *****************
 Defined at:
		line 172 in file "RTC.c"
 Parameters:    Size  Location     Type
		None
 Auto vars:     Size  Location     Type
  i               2    5[COMMON] int 
 Return value:  Size  Location     Type
                  1    wreg      void 
 Registers used:
		wreg, fsr0l, fsr0h, status,2, status,0, btemp+1, pclath, cstack
 Tracked objects:
		On entry : 
		On exit  : 
		Unchanged: 
 Data sizes:     COMMON   BANK0   BANK1   BANK3   BANK2
      Params:         0       0       0       0       0
      Locals:         2       0       0       0       0
      Temps:          0       0       0       0       0
      Totals:         2       0       0       0       0
Total ram usage:        2 bytes
 Hardware stack levels used:    1
 Hardware stack levels required when called:    2
 This function calls:
		_RTC_ds1302_init
		_RTC_init
		_RTC_time_write_1
 This function is called by:
		_RTC_setTime
 This function uses a non-reentrant model


 *************** function _RTC_init *****************
 Defined at:
		line 256 in file "RTC.c"
 Parameters:    Size  Location     Type
		None
 Auto vars:     Size  Location     Type
		None
 Return value:  Size  Location     Type
                  1    wreg      void 
 Registers used:
		wreg, status,2
 Tracked objects:
		On entry : 
		On exit  : 
		Unchanged: 
 Data sizes:     COMMON   BANK0   BANK1   BANK3   BANK2
      Params:         0       0       0       0       0
      Locals:         0       0       0       0       0
      Temps:          0       0       0       0       0
      Totals:         0       0       0       0       0
Total ram usage:        0 bytes
 Hardware stack levels used:    1
 This function calls:
		Nothing
 This function is called by:
		_RTC_setTime
		_RTC_getTime
		_RTC_writeClock
		_RTC_setTimeBackup
 This function uses a non-reentrant model


 *************** function _RTC_ds1302_init *****************
 Defined at:
		line 160 in file "RTC.c"
 Parameters:    Size  Location     Type
		None
 Auto vars:     Size  Location     Type
		None
 Return value:  Size  Location     Type
                  1    wreg      void 
 Registers used:
		wreg, status,2, status,0, btemp+1, pclath, cstack
 Tracked objects:
		On entry : 
		On exit  : 
		Unchanged: 
 Data sizes:     COMMON   BANK0   BANK1   BANK3   BANK2
      Params:         0       0       0       0       0
      Locals:         0       0       0       0       0
      Temps:          0       0       0       0       0
      Totals:         0       0       0       0       0
Total ram usage:        0 bytes
 Hardware stack levels used:    1
 Hardware stack levels required when called:    1
 This function calls:
		_RTC_time_write_1
 This function is called by:
		_RTC_setTime
		_RTC_getTime
		_RTC_writeClock
		_RTC_setTimeBackup
 This function uses a non-reentrant model


 *************** function _RTC_time_write_1 *****************
 Defined at:
		line 218 in file "RTC.c"
 Parameters:    Size  Location     Type
  time_tx         1    wreg     unsigned char 
 Auto vars:     Size  Location     Type
  time_tx         1    4[COMMON] unsigned char 
  j               2    2[COMMON] int 
 Return value:  Size  Location     Type
                  1    wreg      void 
 Registers used:
		wreg, status,2, status,0, btemp+1
 Tracked objects:
		On entry : 
		On exit  : 
		Unchanged: 
 Data sizes:     COMMON   BANK0   BANK1   BANK3   BANK2
      Params:         0       0       0       0       0
      Locals:         3       0       0       0       0
      Temps:          2       0       0       0       0
      Totals:         5       0       0       0       0
Total ram usage:        5 bytes
 Hardware stack levels used:    1
 This function calls:
		Nothing
 This function is called by:
		_RTC_ds1302_init
		_RTC_writeClock
		_RTC_setTimeBackup
		_RTC_readClock
 This function uses a non-reentrant model


 *************** function _RTC_combineNibbles *****************
 Defined at:
		line 114 in file "RTC.c"
 Parameters:    Size  Location     Type
  first           1    wreg     unsigned char 
  second          1    0[COMMON] unsigned char 
 Auto vars:     Size  Location     Type
  first           1    3[COMMON] unsigned char 
  returnChar      1    4[COMMON] unsigned char 
 Return value:  Size  Location     Type
                  1    wreg      unsigned char 
 Registers used:
		wreg, status,2, status,0
 Tracked objects:
		On entry : 
		On exit  : 
		Unchanged: 
 Data sizes:     COMMON   BANK0   BANK1   BANK3   BANK2
      Params:         1       0       0       0       0
      Locals:         2       0       0       0       0
      Temps:          2       0       0       0       0
      Totals:         5       0       0       0       0
Total ram usage:        5 bytes
 Hardware stack levels used:    1
 This function calls:
		Nothing
 This function is called by:
		_RTC_setTime
 This function uses a non-reentrant model


 *************** function _EEPROM_limitsWrite *****************
 Defined at:
		line 36 in file "EEPROM.c"
 Parameters:    Size  Location     Type
  limits          8    3[COMMON] struct Limits
  day             1   11[COMMON] _Bool 
 Auto vars:     Size  Location     Type
  addressStart    2    0[BANK0 ] int 
 Return value:  Size  Location     Type
                  1    wreg      void 
 Registers used:
		wreg, status,2, status,0, pclath, cstack
 Tracked objects:
		On entry : 
		On exit  : 
		Unchanged: 
 Data sizes:     COMMON   BANK0   BANK1   BANK3   BANK2
      Params:         9       0       0       0       0
      Locals:         0       2       0       0       0
      Temps:          1       0       0       0       0
      Totals:        10       2       0       0       0
Total ram usage:       12 bytes
 Hardware stack levels used:    1
 Hardware stack levels required when called:    1
 This function calls:
		_eeprom_write
 This function is called by:
		_main
 This function uses a non-reentrant model


 *************** function _eeprom_write *****************
 Defined at:
		line 6 in file "C:\Program Files (x86)\Microchip\xc8\v2.05\pic\sources\c90\pic\__eewrite.c"
 Parameters:    Size  Location     Type
  addr            1    wreg     unsigned char 
  value           1    0[COMMON] unsigned char 
 Auto vars:     Size  Location     Type
  addr            1    2[COMMON] unsigned char 
 Return value:  Size  Location     Type
                  1    wreg      void 
 Registers used:
		wreg, status,2, status,0
 Tracked objects:
		On entry : 
		On exit  : 
		Unchanged: 
 Data sizes:     COMMON   BANK0   BANK1   BANK3   BANK2
      Params:         1       0       0       0       0
      Locals:         1       0       0       0       0
      Temps:          1       0       0       0       0
      Totals:         3       0       0       0       0
Total ram usage:        3 bytes
 Hardware stack levels used:    1
 This function calls:
		Nothing
 This function is called by:
		_EEPROM_limitsWrite
 This function uses a non-reentrant model


 *************** function _EEPROM_limitsRead *****************
 Defined at:
		line 17 in file "EEPROM.c"
 Parameters:    Size  Location     Type
  day             1    wreg     _Bool 
 Auto vars:     Size  Location     Type
  day             1    8[BANK0 ] _Bool 
  dayLimit        8   11[BANK0 ] struct Limits
  addressStart    2    9[BANK0 ] int 
  highLimit       2    6[BANK0 ] int 
  high            2    4[BANK0 ] int 
  low             2    2[BANK0 ] int 
  lowLimit        2    0[BANK0 ] int 
 Return value:  Size  Location     Type
                  8    2[COMMON] struct Limits
 Registers used:
		wreg, fsr0l, fsr0h, status,2, status,0, pclath, cstack
 Tracked objects:
		On entry : 
		On exit  : 
		Unchanged: 
 Data sizes:     COMMON   BANK0   BANK1   BANK3   BANK2
      Params:         8       0       0       0       0
      Locals:         0      19       0       0       0
      Temps:          4       0       0       0       0
      Totals:        12      19       0       0       0
Total ram usage:       31 bytes
 Hardware stack levels used:    1
 Hardware stack levels required when called:    1
 This function calls:
		_eeprom_read
 This function is called by:
		_main
 This function uses a non-reentrant model


 *************** function _EEPROM_isEmpty *****************
 Defined at:
		line 50 in file "EEPROM.c"
 Parameters:    Size  Location     Type
		None
 Auto vars:     Size  Location     Type
  test4           2   10[COMMON] int 
  test3           2    8[COMMON] int 
  test2           2    6[COMMON] int 
  test1           2    4[COMMON] int 
  empty           1   12[COMMON] _Bool 
 Return value:  Size  Location     Type
                  1    wreg      _Bool 
 Registers used:
		wreg, status,2, status,0, pclath, cstack
 Tracked objects:
		On entry : 
		On exit  : 
		Unchanged: 
 Data sizes:     COMMON   BANK0   BANK1   BANK3   BANK2
      Params:         0       0       0       0       0
      Locals:         9       0       0       0       0
      Temps:          2       0       0       0       0
      Totals:        11       0       0       0       0
Total ram usage:       11 bytes
 Hardware stack levels used:    1
 Hardware stack levels required when called:    1
 This function calls:
		_eeprom_read
 This function is called by:
		_main
 This function uses a non-reentrant model


 *************** function _eeprom_read *****************
 Defined at:
		line 6 in file "C:\Program Files (x86)\Microchip\xc8\v2.05\pic\sources\c90\pic\__eeread.c"
 Parameters:    Size  Location     Type
  addr            1    wreg     unsigned char 
 Auto vars:     Size  Location     Type
  addr            1    1[COMMON] unsigned char 
 Return value:  Size  Location     Type
                  1    wreg      unsigned char 
 Registers used:
		wreg, status,2, status,0
 Tracked objects:
		On entry : 
		On exit  : 
		Unchanged: 
 Data sizes:     COMMON   BANK0   BANK1   BANK3   BANK2
      Params:         0       0       0       0       0
      Locals:         1       0       0       0       0
      Temps:          1       0       0       0       0
      Totals:         2       0       0       0       0
Total ram usage:        2 bytes
 Hardware stack levels used:    1
 This function calls:
		Nothing
 This function is called by:
		_EEPROM_limitsRead
		_EEPROM_isEmpty
 This function uses a non-reentrant model



MODULE INFORMATION

Module		Function		Class		Link	Load	Size
buzzer.c
		_buzzer_delay  		CODE           	1EF6	0000	21
		_buzzer_alarmOn		CODE           	1EBD	0000	19
		_buzzer_alarmOff		CODE           	1E6C	0000	5

buzzer.c estimated size: 45

buttonMatrix.c
		_matrix_setInputs		CODE           	11A4	0000	50
		_matrix_checkButtons		CODE           	15D6	0000	123
		_matrix_buttonDelay		CODE           	1E9B	0000	18
		_matrix_init   		CODE           	10B2	0000	10

buttonMatrix.c estimated size: 201

C:\Program Files (x86)\Microchip\xc8\v2.05\pic\sources\c90\common\awmod.c
		___awmod       		CODE           	1488	0000	78

C:\Program Files (x86)\Microchip\xc8\v2.05\pic\sources\c90\common\awmod.c estimated size: 78

C:\Program Files (x86)\Microchip\xc8\v2.05\pic\sources\c90\common\lwdiv.c
		___lwdiv       		CODE           	1388	0000	61

C:\Program Files (x86)\Microchip\xc8\v2.05\pic\sources\c90\common\lwdiv.c estimated size: 61

C:\Program Files (x86)\Microchip\xc8\v2.05\pic\sources\c90\common\Umul16.c
		___wmul        		CODE           	1F9A	0000	34

C:\Program Files (x86)\Microchip\xc8\v2.05\pic\sources\c90\common\Umul16.c estimated size: 34

C:\Program Files (x86)\Microchip\xc8\v2.05\pic\sources\c90\pic\__eeread.c
		_eeprom_read   		CODE           	1F1E	0000	22

C:\Program Files (x86)\Microchip\xc8\v2.05\pic\sources\c90\pic\__eeread.c estimated size: 22

userInput.c
		_userInput_getTempLimits		CODE           	0C61	0000	377
		_userInput_displayLimits		CODE           	0DD9	0000	552
		_userInput_getDate		CODE           	03E1	0000	997
		_userInput_getTime		CODE           	000C	0000	399
		_userInput_displayDate		CODE           	14D5	0000	82
		_userInput_displayTime		CODE           	1526	0000	88

userInput.c estimated size: 2495

C:\Program Files (x86)\Microchip\xc8\v2.05\pic\sources\c90\common\awdiv.c
		___awdiv       		CODE           	157D	0000	90

C:\Program Files (x86)\Microchip\xc8\v2.05\pic\sources\c90\common\awdiv.c estimated size: 90

EEPROM.c
		_EEPROM_limitsRead		CODE           	1650	0000	133
		_EEPROM_isEmpty		CODE           	1443	0000	70
		_EEPROM_limitsWrite		CODE           	13C4	0000	63

EEPROM.c estimated size: 266

shared
		__stringtab    		STRING         	1000	0000	7
		_RTCtable      		STRING         	1006	0000	9
		__initialization		CODE           	07C5	0000	56

shared estimated size: 72

C:\Program Files (x86)\Microchip\xc8\v2.05\pic\sources\c90\pic\__eewrite.c
		_eeprom_write  		CODE           	1105	0000	39

C:\Program Files (x86)\Microchip\xc8\v2.05\pic\sources\c90\pic\__eewrite.c estimated size: 39

pushButtons.c
		_pushButtons_checkButtons		CODE           	10E0	0000	38

pushButtons.c estimated size: 38

Thermometer.c
		_therm_read_byte		CODE           	1312	0000	59
		_therm_getTemp 		CODE           	080E	0000	141
		_therm_write_byte		CODE           	12DB	0000	56
		_therm_get_temp		CODE           	0979	0000	227
		_therm_init    		CODE           	1E84	0000	8
		_therm_reset   		CODE           	126F	0000	54
		_therm_delay   		CODE           	0800	0000	15

Thermometer.c estimated size: 560

main.c
		_alarmMode     		CODE           	134C	0000	61
		_checkTemp     		CODE           	089A	0000	224
		_systemReset   		CODE           	175A	0000	167
		_displayTime   		CODE           	0A5B	0000	240
		_displayTemp   		CODE           	123A	0000	54
		_main          		CODE           	019A	0000	584
		_delayLong     		CODE           	1F0A	0000	21

main.c estimated size: 1351

RTC.c
		_RTC_writeClock		CODE           	1206	0000	53
		_RTC_readClock 		CODE           	1178	0000	45
		_RTC_getTime   		CODE           	1402	0000	66
		_RTC_setTime   		CODE           	16D4	0000	135
		_RTC_isDay     		CODE           	10BB	0000	38
		_RTC_time_read_1		CODE           	11D5	0000	50
		_RTC_setTimeBackup		CODE           	12A4	0000	56
		_RTC_splitTime 		CODE           	0B4A	0000	280
		_RTC_time_write_1		CODE           	112B	0000	39
		_RTC_combineNibbles		CODE           	1F33	0000	22
		_RTC_seperateNibbles		CODE           	1FDD	0000	36
		_RTC_ds1302_init		CODE           	1ECF	0000	20
		_RTC_init      		CODE           	1E8B	0000	9

RTC.c estimated size: 849

LCD.c
		_LCD_clear     		CODE           	1E75	0000	6
		_LCD_secondLine		CODE           	1E7F	0000	6
		_LCD_write     		CODE           	1FBB	0000	35
		_LCD_writeCmd  		CODE           	1F5E	0000	31
		_LCD_writeChar 		CODE           	1F7C	0000	31
		_LCD_thirdLine 		CODE           	10AD	0000	6
		_LCD_init      		CODE           	1F48	0000	23
		_LCD_firstLine 		CODE           	1E7A	0000	6
		_LCD_delay     		CODE           	1EE2	0000	21
		_LCD_fourthLine		CODE           	1E70	0000	6

LCD.c estimated size: 171

